// Jest Snapshot v1, https://goo.gl/fbAQLP

exports[`PropertyRow last child does not have separator 1`] = `
<div>
  Last Row
</div>
`;

exports[`PropertyRow renders correctly 1`] = `
.c0 {
  display: grid;
  grid-template-columns: auto 1fr auto;
  align-items: center;
  gap: 8px;
  position: relative;
  min-height: 22px;
  --separator-color: 1px solid var(--node-border);
}

.c0:not(:last-child)::after {
  content: '';
  position: absolute;
  left: -12px;
  right: -12px;
  bottom: -3px;
  height: 1px;
  background: var(--separator-color);
}

<div
  class="c0"
>
  <div>
    Test Content
  </div>
</div>
`;
